// Jest Snapshot v1, https://goo.gl/fbAQLP

exports[`Navbar renders Navbar correctly 1`] = `
<div>
  <div
    class="navbar w-full flex justify-between items-center px-12 py-4 shadow-md "
  >
    <div
      class="logo"
    >
      <a
        class="text-2xl font-semibold"
        href="/"
      >
        Math Magicians
      </a>
    </div>
    <ul
      class="menulinks flex"
    >
      <li>
        <a
          aria-current="page"
          class="border-y-0 border-l-0 border-r-2 px-1 mr-3 border-r-black font-bold active"
          href="/"
        >
          Home
        </a>
      </li>
      <li>
        <a
          class="border-y-0 border-l-0 border-r-2 pr-1 mr-3 border-r-black font-bold"
          href="/calculator"
        >
          Calculator
        </a>
      </li>
      <li>
        <a
          class="font-bold"
          href="/quotes"
        >
          Quote
        </a>
      </li>
    </ul>
  </div>
</div>
`;
